
> tailadmin-react@2.0.2 build
> vite build

[36mvite v6.4.1 [32mbuilding for production...[36m[39m
transforming...
node.exe : [33mnode_modules
/react-helmet-async/lib/inde
x.module.js (1:7186): A 
comment
At line:1 char:1
+ & "C:\Program 
Files\nodejs/node.exe" 
"C:\Program 
Files\nodejs/node_mo ...
+ ~~~~~~~~~~~~~~~~~~~~~~~~~~
~~~~~~~~~~~~~~~~~~~~~~~~~~~~
~~~~~~~~~~~~~~~
    + CategoryInfo          
    : NotSpecified: ([33m  
  node_modul...186): A co   
 mment:String) [], Remot    
eException
    + FullyQualifiedErrorId 
    : NativeCommandError
 

"/*#__PURE__*/"

in "node_modules/react-helme
t-async/lib/index.module.js"
 contains an annotation 
that Rollup cannot 
interpret due to the 
position of the comment. 
The comment will be removed 
to avoid issues.[39m
[33mnode_modules/react-helm
et-async/lib/index.module.js
 (1:13561): A comment

"/*#__PURE__*/"

in "node_modules/react-helme
t-async/lib/index.module.js"
 contains an annotation 
that Rollup cannot 
interpret due to the 
position of the comment. 
The comment will be removed 
to avoid issues.[39m
[32mΓ£ô[39m 175 modules transformed.
[31mΓ£ù[39m Build failed 
in 9.77s
[31merror during build:
[31m[vite-plugin-pwa:build]
 [plugin 
vite-plugin-pwa:build] src/p
ages/Support/SupportDashboar
d.jsx: There was an error 
during the build:
  Could not resolve 
"../../components/ui/Badge" 
from "src/pages/Support/Supp
ortDashboard.jsx"
Additionally, handling the 
error in the 'buildEnd' 
hook caused the following 
error:
  Could not resolve 
"../../components/ui/Badge" 
from "src/pages/Support/Supp
ortDashboard.jsx"[31m
file: [36mE:/crm/src/pages/
Support/SupportDashboard.jsx
[31m
    at getRollupError (file:
///E:/crm/node_modules/rollu
p/dist/es/shared/parseAst.js
:401:41)
    at file:///E:/crm/node_m
odules/rollup/dist/es/shared
/node-entry.js:23321:39
    at async 
catchUnfinishedHookActions (
file:///E:/crm/node_modules/
rollup/dist/es/shared/node-e
ntry.js:22779:16)
    at async rollupInternal 
(file:///E:/crm/node_modules
/rollup/dist/es/shared/node-
entry.js:23304:5)
    at async 
buildEnvironment (file:///E:
/crm/node_modules/vite/dist/
node/chunks/dep-D4NMHUTW.js:
46235:14)
    at async 
Object.defaultBuildApp [as 
buildApp] (file:///E:/crm/no
de_modules/vite/dist/node/ch
unks/dep-D4NMHUTW.js:46713:5
)
    at async 
CAC.<anonymous> (file:///E:/
crm/node_modules/vite/dist/n
ode/cli.js:863:7)[39m
