[dotenv@17.2.3] injecting env (15) from .env -- tip: ≡ƒöÉ prevent building .env in docker: https://dotenvx.com/prebuild
Connected to MongoDB

--- Syncing Indices ---
